// Jest Snapshot v1, https://goo.gl/fbAQLP

exports[`Test totalDose 1`] = `
String {
  "0": "4",
}
`;
